******************************************************************************
             TMS320C2000 Linker PC v20.2.1                     
******************************************************************************
>> Linked Fri Dec 18 12:55:04 2020

OUTPUT FILE NAME:   <final_project.out>
ENTRY POINT SYMBOL: "_c_int00"  address: 0000d05a


MEMORY CONFIGURATION

         name            origin    length      used     unused   attr    fill
----------------------  --------  ---------  --------  --------  ----  --------
PAGE 0:
  BEGIN                 00000000   00000002  00000002  00000000  RWIX
  RAMM0                 00000123   000002dd  00000008  000002d5  RWIX
  RAMLS04               00008000   00002800  00002800  00000000  RWIX
  RAMD0                 0000b000   00000800  00000055  000007ab  RWIX
  RAMGS110              0000d000   0000a000  0000038d  00009c73  RWIX
  RESET                 003fffc0   00000002  00000000  00000002  RWIX

PAGE 1:
  BOOT_RSVD             00000002   00000121  00000000  00000121  RWIX
  RAMM1                 00000400   000003f8  00000000  000003f8  RWIX
  ADCA_RESULT           00000b00   00000020  00000018  00000008  RWIX
  ADCB_RESULT           00000b20   00000020  00000018  00000008  RWIX
  ADCC_RESULT           00000b40   00000020  00000018  00000008  RWIX
  ADCD_RESULT           00000b60   00000020  00000018  00000008  RWIX
  CPU_TIMER0            00000c00   00000008  00000008  00000000  RWIX
  CPU_TIMER1            00000c08   00000008  00000008  00000000  RWIX
  CPU_TIMER2            00000c10   00000008  00000008  00000000  RWIX
  PIE_CTRL              00000ce0   00000020  0000001a  00000006  RWIX
  PIE_VECT              00000d00   00000200  000001c0  00000040  RWIX
  DMA                   00001000   00000200  000000e0  00000120  RWIX
  CLA1                  00001400   00000040  0000003e  00000002  RWIX
  EPWM1                 00004000   00000100  00000100  00000000  RWIX
  EPWM2                 00004100   00000100  00000100  00000000  RWIX
  EPWM3                 00004200   00000100  00000100  00000000  RWIX
  EPWM4                 00004300   00000100  00000100  00000000  RWIX
  EPWM5                 00004400   00000100  00000100  00000000  RWIX
  EPWM6                 00004500   00000100  00000100  00000000  RWIX
  EPWM7                 00004600   00000100  00000100  00000000  RWIX
  EPWM8                 00004700   00000100  00000100  00000000  RWIX
  EPWM9                 00004800   00000100  00000100  00000000  RWIX
  EPWM10                00004900   00000100  00000100  00000000  RWIX
  EPWM11                00004a00   00000100  00000100  00000000  RWIX
  EPWM12                00004b00   00000100  00000100  00000000  RWIX
  ECAP1                 00005000   00000020  00000020  00000000  RWIX
  ECAP2                 00005020   00000020  00000020  00000000  RWIX
  ECAP3                 00005040   00000020  00000020  00000000  RWIX
  ECAP4                 00005060   00000020  00000020  00000000  RWIX
  ECAP5                 00005080   00000020  00000020  00000000  RWIX
  ECAP6                 000050a0   00000020  00000020  00000000  RWIX
  EQEP1                 00005100   00000040  00000022  0000001e  RWIX
  EQEP2                 00005140   00000040  00000022  0000001e  RWIX
  EQEP3                 00005180   00000040  00000022  0000001e  RWIX
  DACA                  00005c00   00000010  00000008  00000008  RWIX
  DACB                  00005c10   00000010  00000008  00000008  RWIX
  DACC                  00005c20   00000010  00000008  00000008  RWIX
  CMPSS1                00005c80   00000020  00000020  00000000  RWIX
  CMPSS2                00005ca0   00000020  00000020  00000000  RWIX
  CMPSS3                00005cc0   00000020  00000020  00000000  RWIX
  CMPSS4                00005ce0   00000020  00000020  00000000  RWIX
  CMPSS5                00005d00   00000020  00000020  00000000  RWIX
  CMPSS6                00005d20   00000020  00000020  00000000  RWIX
  CMPSS7                00005d40   00000020  00000020  00000000  RWIX
  CMPSS8                00005d60   00000020  00000020  00000000  RWIX
  SDFM1                 00005e00   00000080  00000080  00000000  RWIX
  SDFM2                 00005e80   00000080  00000080  00000000  RWIX
  MCBSPA                00006000   00000040  00000024  0000001c  RWIX
  MCBSPB                00006040   00000040  00000024  0000001c  RWIX
  SPIA                  00006100   00000010  00000010  00000000  RWIX
  SPIB                  00006110   00000010  00000010  00000000  RWIX
  SPIC                  00006120   00000010  00000010  00000000  RWIX
  SPID                  00006130   00000010  00000000  00000010  RWIX
  UPP                   00006200   00000100  00000048  000000b8  RWIX
  WD                    00007000   00000040  0000002b  00000015  RWIX
  NMIINTRUPT            00007060   00000010  00000007  00000009  RWIX
  XINT                  00007070   00000010  0000000b  00000005  RWIX
  SCIA                  00007200   00000010  00000010  00000000  RWIX
  SCIB                  00007210   00000010  00000010  00000000  RWIX
  SCIC                  00007220   00000010  00000010  00000000  RWIX
  SCID                  00007230   00000010  00000010  00000000  RWIX
  I2CA                  00007300   00000040  00000022  0000001e  RWIX
  I2CB                  00007340   00000040  00000022  0000001e  RWIX
  ADCA                  00007400   00000080  00000080  00000000  RWIX
  ADCB                  00007480   00000080  00000080  00000000  RWIX
  ADCC                  00007500   00000080  00000080  00000000  RWIX
  ADCD                  00007580   00000080  00000080  00000000  RWIX
  INPUT_XBAR            00007900   00000020  00000020  00000000  RWIX
  XBAR                  00007920   00000020  00000020  00000000  RWIX
  SYNC_SOC              00007940   00000010  00000006  0000000a  RWIX
  DMACLASRCSEL          00007980   00000040  0000001a  00000026  RWIX
  EPWM_XBAR             00007a00   00000040  00000040  00000000  RWIX
  CLB_XBAR              00007a40   00000040  00000000  00000040  RWIX
  OUTPUT_XBAR           00007a80   00000040  00000040  00000000  RWIX
  GPIOCTRL              00007c00   00000180  00000180  00000000  RWIX
  GPIODAT               00007f00   00000030  00000030  00000000  RWIX
  RAMLS5                0000a800   00000800  000003b6  0000044a  RWIX
  RAMD1                 0000b800   00000800  00000800  00000000  RWIX
  RAMGS1115             00017000   00004ff8  00002f67  00002091  RWIX
  CPU2TOCPU1RAM         0003f800   00000400  00000000  00000400  RWIX
  CPU1TOCPU2RAM         0003fc00   00000400  00000000  00000400  RWIX
  EMIF1                 00047000   00000800  00000070  00000790  RWIX
  EMIF2                 00047800   00000800  00000070  00000790  RWIX
  CANA                  00048000   00000800  00000164  0000069c  RWIX
  CANA_MSG_RAM          00049000   00000800  00000000  00000800  RWIX
  CANB                  0004a000   00000800  00000164  0000069c  RWIX
  CANB_MSG_RAM          0004b000   00000800  00000000  00000800  RWIX
  IPC                   00050000   00000024  00000024  00000000  RWIX
  FLASHPUMPSEMAPHORE    00050024   00000002  00000002  00000000  RWIX
  DEV_CFG               0005d000   00000180  0000012e  00000052  RWIX
  ANALOG_SUBSYS         0005d180   00000080  00000048  00000038  RWIX
  CLK_CFG               0005d200   00000100  00000032  000000ce  RWIX
  CPU_SYS               0005d300   00000100  00000082  0000007e  RWIX
  ROMPREFETCH           0005e608   00000002  00000002  00000000  RWIX
  DCSM_Z1               0005f000   00000030  00000024  0000000c  RWIX
  DCSM_Z2               0005f040   00000030  00000024  0000000c  RWIX
  DCSM_COMMON           0005f070   00000010  00000008  00000008  RWIX
  MEMCFG                0005f400   00000080  00000080  00000000  RWIX
  EMIF1CONFIG           0005f480   00000020  00000020  00000000  RWIX
  EMIF2CONFIG           0005f4a0   00000020  00000020  00000000  RWIX
  ACCESSPROTECTION      0005f4c0   00000040  00000040  00000000  RWIX
  MEMORYERROR           0005f500   00000040  00000040  00000000  RWIX
  ROMWAITSTATE          0005f540   00000002  00000002  00000000  RWIX
  FLASH0_CTRL           0005f800   00000300  00000182  0000017e  RWIX
  FLASH0_ECC            0005fb00   00000040  00000028  00000018  RWIX


SECTION ALLOCATION MAP

 output                                  attributes/
section   page    origin      length       input sections
--------  ----  ----------  ----------   ----------------
codestart 
*          0    00000000    00000002     
                  00000000    00000002     F2837xD_CodeStartBranch.obj (codestart)

.cinit     0    0000b000    00000055     
                  0000b000    00000028     final_project_main.obj (.cinit)
                  0000b028    0000000f     device.obj (.cinit)
                  0000b037    0000000e     rts2800_fpu32.lib : exit.c.obj (.cinit)
                  0000b045    00000005                       : _lock.c.obj (.cinit:__lock)
                  0000b04a    00000005                       : _lock.c.obj (.cinit:__unlock)
                  0000b04f    00000004                       : errno.c.obj (.cinit)
                  0000b053    00000002     --HOLE-- [fill = 0]

.reset     0    003fffc0    00000002     DSECT
                  003fffc0    00000002     rts2800_fpu32.lib : boot28.asm.obj (.reset)

.stack     1    0000b800    00000800     UNINITIALIZED
                  0000b800    00000800     --HOLE--

.pinit     0    0000b000    00000000     UNINITIALIZED

.econst    1    0000a800    000003b6     
                  0000a800    000001c0     F2837xD_PieVect.obj (.econst:_PieVectTableInit)
                  0000a9c0    00000101     rts2800_fpu32.lib : ctype.c.obj (.econst:.string:__ctypes_)
                  0000aac1    00000001     --HOLE-- [fill = 0]
                  0000aac2    00000060     driverlib_coff.lib : sysctl.obj (.econst:.string)
                  0000ab22    00000026     rts2800_fpu32.lib : _printfi.c.obj (.econst:.string)
                  0000ab48    0000001c                       : _printfi.c.obj (.econst)
                  0000ab64    0000001c                       : s_scalbn.c.obj (.econst)
                  0000ab80    00000019     final_project_main.obj (.econst:.string)
                  0000ab99    00000001     --HOLE-- [fill = 0]
                  0000ab9a    00000013     device.obj (.econst:.string)
                  0000abad    00000001     --HOLE-- [fill = 0]
                  0000abae    00000008     rts2800_fpu32.lib : s_frexp.c.obj (.econst)

.ebss      1    00017000    00002f67     UNINITIALIZED
                  00017000    00002f30     F28379dSerial.obj (.ebss)
                  00019f30    0000000e     final_project_main.obj (.ebss)
                  00019f3e    00000002     rts2800_fpu32.lib : _lock.c.obj (.ebss:__lock)
                  00019f40    00000018     F2837xD_CpuTimers.obj (.ebss)
                  00019f58    00000006     device.obj (.ebss)
                  00019f5e    00000006     rts2800_fpu32.lib : exit.c.obj (.ebss)
                  00019f64    00000002                       : _lock.c.obj (.ebss:__unlock)
                  00019f66    00000001                       : errno.c.obj (.ebss)

.TI.ramfunc 
*          0    00000123    00000008     
                  00000123    00000004     F2837xD_usDelay.obj (.TI.ramfunc)
                  00000127    00000004     driverlib_coff.lib : sysctl.obj (.TI.ramfunc)

GETBUFFER 
*          0    0003f800    00000000     DSECT

GETWRITEIDX 
*          0    0003f800    00000000     DSECT

PUTREADIDX 
*          0    0003f800    00000000     DSECT

AdcaResultFile 
*          1    00000b00    00000018     UNINITIALIZED
                  00000b00    00000018     F2837xD_GlobalVariableDefs.obj (AdcaResultFile)

AdcbResultFile 
*          1    00000b20    00000018     UNINITIALIZED
                  00000b20    00000018     F2837xD_GlobalVariableDefs.obj (AdcbResultFile)

AdccResultFile 
*          1    00000b40    00000018     UNINITIALIZED
                  00000b40    00000018     F2837xD_GlobalVariableDefs.obj (AdccResultFile)

AdcdResultFile 
*          1    00000b60    00000018     UNINITIALIZED
                  00000b60    00000018     F2837xD_GlobalVariableDefs.obj (AdcdResultFile)

CpuTimer0RegsFile 
*          1    00000c00    00000008     UNINITIALIZED
                  00000c00    00000008     F2837xD_GlobalVariableDefs.obj (CpuTimer0RegsFile)

CpuTimer1RegsFile 
*          1    00000c08    00000008     UNINITIALIZED
                  00000c08    00000008     F2837xD_GlobalVariableDefs.obj (CpuTimer1RegsFile)

CpuTimer2RegsFile 
*          1    00000c10    00000008     UNINITIALIZED
                  00000c10    00000008     F2837xD_GlobalVariableDefs.obj (CpuTimer2RegsFile)

PieCtrlRegsFile 
*          1    00000ce0    0000001a     UNINITIALIZED
                  00000ce0    0000001a     F2837xD_GlobalVariableDefs.obj (PieCtrlRegsFile)

PieVectTableFile 
*          1    00000d00    000001c0     UNINITIALIZED
                  00000d00    000001c0     F2837xD_GlobalVariableDefs.obj (PieVectTableFile)

EmuBModeVar 
*          1    00000d00    00000001     UNINITIALIZED
                  00000d00    00000001     F2837xD_GlobalVariableDefs.obj (EmuBModeVar)

EmuBootPinsVar 
*          1    00000d01    00000001     UNINITIALIZED
                  00000d01    00000001     F2837xD_GlobalVariableDefs.obj (EmuBootPinsVar)

DmaRegsFile 
*          1    00001000    000000e0     UNINITIALIZED
                  00001000    000000e0     F2837xD_GlobalVariableDefs.obj (DmaRegsFile)

Cla1RegsFile 
*          1    00001400    0000003e     UNINITIALIZED
                  00001400    0000003e     F2837xD_GlobalVariableDefs.obj (Cla1RegsFile)

EPwm1RegsFile 
*          1    00004000    00000100     UNINITIALIZED
                  00004000    00000100     F2837xD_GlobalVariableDefs.obj (EPwm1RegsFile)

EPwm2RegsFile 
*          1    00004100    00000100     UNINITIALIZED
                  00004100    00000100     F2837xD_GlobalVariableDefs.obj (EPwm2RegsFile)

EPwm3RegsFile 
*          1    00004200    00000100     UNINITIALIZED
                  00004200    00000100     F2837xD_GlobalVariableDefs.obj (EPwm3RegsFile)

EPwm4RegsFile 
*          1    00004300    00000100     UNINITIALIZED
                  00004300    00000100     F2837xD_GlobalVariableDefs.obj (EPwm4RegsFile)

EPwm5RegsFile 
*          1    00004400    00000100     UNINITIALIZED
                  00004400    00000100     F2837xD_GlobalVariableDefs.obj (EPwm5RegsFile)

EPwm6RegsFile 
*          1    00004500    00000100     UNINITIALIZED
                  00004500    00000100     F2837xD_GlobalVariableDefs.obj (EPwm6RegsFile)

EPwm7RegsFile 
*          1    00004600    00000100     UNINITIALIZED
                  00004600    00000100     F2837xD_GlobalVariableDefs.obj (EPwm7RegsFile)

EPwm8RegsFile 
*          1    00004700    00000100     UNINITIALIZED
                  00004700    00000100     F2837xD_GlobalVariableDefs.obj (EPwm8RegsFile)

EPwm9RegsFile 
*          1    00004800    00000100     UNINITIALIZED
                  00004800    00000100     F2837xD_GlobalVariableDefs.obj (EPwm9RegsFile)

EPwm10RegsFile 
*          1    00004900    00000100     UNINITIALIZED
                  00004900    00000100     F2837xD_GlobalVariableDefs.obj (EPwm10RegsFile)

EPwm11RegsFile 
*          1    00004a00    00000100     UNINITIALIZED
                  00004a00    00000100     F2837xD_GlobalVariableDefs.obj (EPwm11RegsFile)

EPwm12RegsFile 
*          1    00004b00    00000100     UNINITIALIZED
                  00004b00    00000100     F2837xD_GlobalVariableDefs.obj (EPwm12RegsFile)

ECap1RegsFile 
*          1    00005000    00000020     UNINITIALIZED
                  00005000    00000020     F2837xD_GlobalVariableDefs.obj (ECap1RegsFile)

ECap2RegsFile 
*          1    00005020    00000020     UNINITIALIZED
                  00005020    00000020     F2837xD_GlobalVariableDefs.obj (ECap2RegsFile)

ECap3RegsFile 
*          1    00005040    00000020     UNINITIALIZED
                  00005040    00000020     F2837xD_GlobalVariableDefs.obj (ECap3RegsFile)

ECap4RegsFile 
*          1    00005060    00000020     UNINITIALIZED
                  00005060    00000020     F2837xD_GlobalVariableDefs.obj (ECap4RegsFile)

ECap5RegsFile 
*          1    00005080    00000020     UNINITIALIZED
                  00005080    00000020     F2837xD_GlobalVariableDefs.obj (ECap5RegsFile)

ECap6RegsFile 
*          1    000050a0    00000020     UNINITIALIZED
                  000050a0    00000020     F2837xD_GlobalVariableDefs.obj (ECap6RegsFile)

EQep1RegsFile 
*          1    00005100    00000022     UNINITIALIZED
                  00005100    00000022     F2837xD_GlobalVariableDefs.obj (EQep1RegsFile)

EQep2RegsFile 
*          1    00005140    00000022     UNINITIALIZED
                  00005140    00000022     F2837xD_GlobalVariableDefs.obj (EQep2RegsFile)

EQep3RegsFile 
*          1    00005180    00000022     UNINITIALIZED
                  00005180    00000022     F2837xD_GlobalVariableDefs.obj (EQep3RegsFile)

DacaRegsFile 
*          1    00005c00    00000008     UNINITIALIZED
                  00005c00    00000008     F2837xD_GlobalVariableDefs.obj (DacaRegsFile)

DacbRegsFile 
*          1    00005c10    00000008     UNINITIALIZED
                  00005c10    00000008     F2837xD_GlobalVariableDefs.obj (DacbRegsFile)

DaccRegsFile 
*          1    00005c20    00000008     UNINITIALIZED
                  00005c20    00000008     F2837xD_GlobalVariableDefs.obj (DaccRegsFile)

Sdfm1RegsFile 
*          1    00005e00    00000080     UNINITIALIZED
                  00005e00    00000080     F2837xD_GlobalVariableDefs.obj (Sdfm1RegsFile)

Sdfm2RegsFile 
*          1    00005e80    00000080     UNINITIALIZED
                  00005e80    00000080     F2837xD_GlobalVariableDefs.obj (Sdfm2RegsFile)

McbspaRegsFile 
*          1    00006000    00000024     UNINITIALIZED
                  00006000    00000024     F2837xD_GlobalVariableDefs.obj (McbspaRegsFile)

McbspbRegsFile 
*          1    00006040    00000024     UNINITIALIZED
                  00006040    00000024     F2837xD_GlobalVariableDefs.obj (McbspbRegsFile)

SpiaRegsFile 
*          1    00006100    00000010     UNINITIALIZED
                  00006100    00000010     F2837xD_GlobalVariableDefs.obj (SpiaRegsFile)

SpibRegsFile 
*          1    00006110    00000010     UNINITIALIZED
                  00006110    00000010     F2837xD_GlobalVariableDefs.obj (SpibRegsFile)

SpicRegsFile 
*          1    00006120    00000010     UNINITIALIZED
                  00006120    00000010     F2837xD_GlobalVariableDefs.obj (SpicRegsFile)

UppRegsFile 
*          1    00006200    00000048     UNINITIALIZED
                  00006200    00000048     F2837xD_GlobalVariableDefs.obj (UppRegsFile)

WdRegsFile 
*          1    00007000    0000002b     UNINITIALIZED
                  00007000    0000002b     F2837xD_GlobalVariableDefs.obj (WdRegsFile)

NmiIntruptRegsFile 
*          1    00007060    00000007     UNINITIALIZED
                  00007060    00000007     F2837xD_GlobalVariableDefs.obj (NmiIntruptRegsFile)

XintRegsFile 
*          1    00007070    0000000b     UNINITIALIZED
                  00007070    0000000b     F2837xD_GlobalVariableDefs.obj (XintRegsFile)

SciaRegsFile 
*          1    00007200    00000010     UNINITIALIZED
                  00007200    00000010     F2837xD_GlobalVariableDefs.obj (SciaRegsFile)

ScibRegsFile 
*          1    00007210    00000010     UNINITIALIZED
                  00007210    00000010     F2837xD_GlobalVariableDefs.obj (ScibRegsFile)

ScicRegsFile 
*          1    00007220    00000010     UNINITIALIZED
                  00007220    00000010     F2837xD_GlobalVariableDefs.obj (ScicRegsFile)

ScidRegsFile 
*          1    00007230    00000010     UNINITIALIZED
                  00007230    00000010     F2837xD_GlobalVariableDefs.obj (ScidRegsFile)

I2caRegsFile 
*          1    00007300    00000022     UNINITIALIZED
                  00007300    00000022     F2837xD_GlobalVariableDefs.obj (I2caRegsFile)

I2cbRegsFile 
*          1    00007340    00000022     UNINITIALIZED
                  00007340    00000022     F2837xD_GlobalVariableDefs.obj (I2cbRegsFile)

AdcaRegsFile 
*          1    00007400    00000080     UNINITIALIZED
                  00007400    00000080     F2837xD_GlobalVariableDefs.obj (AdcaRegsFile)

AdcbRegsFile 
*          1    00007480    00000080     UNINITIALIZED
                  00007480    00000080     F2837xD_GlobalVariableDefs.obj (AdcbRegsFile)

AdccRegsFile 
*          1    00007500    00000080     UNINITIALIZED
                  00007500    00000080     F2837xD_GlobalVariableDefs.obj (AdccRegsFile)

AdcdRegsFile 
*          1    00007580    00000080     UNINITIALIZED
                  00007580    00000080     F2837xD_GlobalVariableDefs.obj (AdcdRegsFile)

CanaRegsFile 
*          1    00048000    00000164     UNINITIALIZED
                  00048000    00000164     F2837xD_GlobalVariableDefs.obj (CanaRegsFile)

CanbRegsFile 
*          1    0004a000    00000164     UNINITIALIZED
                  0004a000    00000164     F2837xD_GlobalVariableDefs.obj (CanbRegsFile)

AnalogSubsysRegsFile 
*          1    0005d180    00000048     UNINITIALIZED
                  0005d180    00000048     F2837xD_GlobalVariableDefs.obj (AnalogSubsysRegsFile)

Cla1SoftIntRegsFile 
*          1    00000ce0    00000004     DSECT
                  00000ce0    00000004     F2837xD_GlobalVariableDefs.obj (Cla1SoftIntRegsFile)

Cmpss1RegsFile 
*          1    00005c80    00000020     UNINITIALIZED
                  00005c80    00000020     F2837xD_GlobalVariableDefs.obj (Cmpss1RegsFile)

Cmpss2RegsFile 
*          1    00005ca0    00000020     UNINITIALIZED
                  00005ca0    00000020     F2837xD_GlobalVariableDefs.obj (Cmpss2RegsFile)

Cmpss3RegsFile 
*          1    00005cc0    00000020     UNINITIALIZED
                  00005cc0    00000020     F2837xD_GlobalVariableDefs.obj (Cmpss3RegsFile)

Cmpss4RegsFile 
*          1    00005ce0    00000020     UNINITIALIZED
                  00005ce0    00000020     F2837xD_GlobalVariableDefs.obj (Cmpss4RegsFile)

Cmpss5RegsFile 
*          1    00005d00    00000020     UNINITIALIZED
                  00005d00    00000020     F2837xD_GlobalVariableDefs.obj (Cmpss5RegsFile)

Cmpss6RegsFile 
*          1    00005d20    00000020     UNINITIALIZED
                  00005d20    00000020     F2837xD_GlobalVariableDefs.obj (Cmpss6RegsFile)

Cmpss7RegsFile 
*          1    00005d40    00000020     UNINITIALIZED
                  00005d40    00000020     F2837xD_GlobalVariableDefs.obj (Cmpss7RegsFile)

Cmpss8RegsFile 
*          1    00005d60    00000020     UNINITIALIZED
                  00005d60    00000020     F2837xD_GlobalVariableDefs.obj (Cmpss8RegsFile)

InputXbarRegsFile 
*          1    00007900    00000020     UNINITIALIZED
                  00007900    00000020     F2837xD_GlobalVariableDefs.obj (InputXbarRegsFile)

XbarRegsFile 
*          1    00007920    00000020     UNINITIALIZED
                  00007920    00000020     F2837xD_GlobalVariableDefs.obj (XbarRegsFile)

SyncSocRegsFile 
*          1    00007940    00000006     UNINITIALIZED
                  00007940    00000006     F2837xD_GlobalVariableDefs.obj (SyncSocRegsFile)

DmaClaSrcSelRegsFile 
*          1    00007980    0000001a     UNINITIALIZED
                  00007980    0000001a     F2837xD_GlobalVariableDefs.obj (DmaClaSrcSelRegsFile)

EPwmXbarRegsFile 
*          1    00007a00    00000040     UNINITIALIZED
                  00007a00    00000040     F2837xD_GlobalVariableDefs.obj (EPwmXbarRegsFile)

OutputXbarRegsFile 
*          1    00007a80    00000040     UNINITIALIZED
                  00007a80    00000040     F2837xD_GlobalVariableDefs.obj (OutputXbarRegsFile)

GpioCtrlRegsFile 
*          1    00007c00    00000180     UNINITIALIZED
                  00007c00    00000180     F2837xD_GlobalVariableDefs.obj (GpioCtrlRegsFile)

GpioDataRegsFile 
*          1    00007f00    00000030     UNINITIALIZED
                  00007f00    00000030     F2837xD_GlobalVariableDefs.obj (GpioDataRegsFile)

Emif1RegsFile 
*          1    00047000    00000070     UNINITIALIZED
                  00047000    00000070     F2837xD_GlobalVariableDefs.obj (Emif1RegsFile)

Emif2RegsFile 
*          1    00047800    00000070     UNINITIALIZED
                  00047800    00000070     F2837xD_GlobalVariableDefs.obj (Emif2RegsFile)

IpcRegsFile 
*          1    00050000    00000024     UNINITIALIZED
                  00050000    00000024     F2837xD_GlobalVariableDefs.obj (IpcRegsFile)

FlashPumpSemaphoreRegsFile 
*          1    00050024    00000002     UNINITIALIZED
                  00050024    00000002     F2837xD_GlobalVariableDefs.obj (FlashPumpSemaphoreRegsFile)

RomPrefetchRegsFile 
*          1    0005e608    00000002     UNINITIALIZED
                  0005e608    00000002     F2837xD_GlobalVariableDefs.obj (RomPrefetchRegsFile)

DcsmZ1RegsFile 
*          1    0005f000    00000024     UNINITIALIZED
                  0005f000    00000024     F2837xD_GlobalVariableDefs.obj (DcsmZ1RegsFile)

DcsmZ2RegsFile 
*          1    0005f040    00000024     UNINITIALIZED
                  0005f040    00000024     F2837xD_GlobalVariableDefs.obj (DcsmZ2RegsFile)

DcsmCommonRegsFile 
*          1    0005f070    00000008     UNINITIALIZED
                  0005f070    00000008     F2837xD_GlobalVariableDefs.obj (DcsmCommonRegsFile)

MemCfgRegsFile 
*          1    0005f400    00000080     UNINITIALIZED
                  0005f400    00000080     F2837xD_GlobalVariableDefs.obj (MemCfgRegsFile)

Emif1ConfigRegsFile 
*          1    0005f480    00000020     UNINITIALIZED
                  0005f480    00000020     F2837xD_GlobalVariableDefs.obj (Emif1ConfigRegsFile)

Emif2ConfigRegsFile 
*          1    0005f4a0    00000020     UNINITIALIZED
                  0005f4a0    00000020     F2837xD_GlobalVariableDefs.obj (Emif2ConfigRegsFile)

AccessProtectionRegsFile 
*          1    0005f4c0    00000040     UNINITIALIZED
                  0005f4c0    00000040     F2837xD_GlobalVariableDefs.obj (AccessProtectionRegsFile)

MemoryErrorRegsFile 
*          1    0005f500    00000040     UNINITIALIZED
                  0005f500    00000040     F2837xD_GlobalVariableDefs.obj (MemoryErrorRegsFile)

RomWaitStateRegsFile 
*          1    0005f540    00000002     UNINITIALIZED
                  0005f540    00000002     F2837xD_GlobalVariableDefs.obj (RomWaitStateRegsFile)

Flash0CtrlRegsFile 
*          1    0005f800    00000182     UNINITIALIZED
                  0005f800    00000182     F2837xD_GlobalVariableDefs.obj (Flash0CtrlRegsFile)

Flash0EccRegsFile 
*          1    0005fb00    00000028     UNINITIALIZED
                  0005fb00    00000028     F2837xD_GlobalVariableDefs.obj (Flash0EccRegsFile)

DevCfgRegsFile 
*          1    0005d000    0000012e     UNINITIALIZED
                  0005d000    0000012e     F2837xD_GlobalVariableDefs.obj (DevCfgRegsFile)

ClkCfgRegsFile 
*          1    0005d200    00000032     UNINITIALIZED
                  0005d200    00000032     F2837xD_GlobalVariableDefs.obj (ClkCfgRegsFile)

CpuSysRegsFile 
*          1    0005d300    00000082     UNINITIALIZED
                  0005d300    00000082     F2837xD_GlobalVariableDefs.obj (CpuSysRegsFile)

.text.1    0    00008000    00002800     
                  00008000    00000ce4     rts2800_fpu32.lib : _printfi.c.obj (.text)
                  00008ce4    00000585     F2837xD_DefaultISR.obj (.text:retain)
                  00009269    000004ab     F2837xD_SysCtrl.obj (.text)
                  00009714    0000033c     F28379dSerial.obj (.text)
                  00009a50    0000032f     final_project_main.obj (.text)
                  00009d7f    00000244     F2837xD_Gpio.obj (.text)
                  00009fc3    000001e0     F28379dSerial.obj (.text:retain)
                  0000a1a3    00000107     rts2800_fpu32.lib : ll_div28.asm.obj (.text)
                  0000a2aa    000000f0     F2837xD_Adc.obj (.text)
                  0000a39a    000000e1     final_project_main.obj (.text:retain)
                  0000a47b    000000ae     rts2800_fpu32.lib : s_scalbn.c.obj (.text)
                  0000a529    0000009c                       : fd_add28.asm.obj (.text)
                  0000a5c5    0000008b                       : fd_div28.asm.obj (.text)
                  0000a650    00000088                       : fs_div28.asm.obj (.text)
                  0000a6d8    00000083                       : fd_mpy28.asm.obj (.text)
                  0000a75b    0000007c     F2837xD_CpuTimers.obj (.text)
                  0000a7d7    00000029     rts2800_fpu32.lib : exit.c.obj (.text)

.text.2    0    0000d000    0000038d     
                  0000d000    0000005a     rts2800_fpu32.lib : s_frexp.c.obj (.text)
                  0000d05a    00000056                       : boot28.asm.obj (.text)
                  0000d0b0    00000031                       : atoi.c.obj (.text)
                  0000d0e1    00000030                       : _ltoa.c.obj (.text)
                  0000d111    00000030                       : vsprintf.c.obj (.text)
                  0000d141    0000002a                       : fd_cmp28.asm.obj (.text)
                  0000d16b    0000002a                       : l_div28.asm.obj (.text)
                  0000d195    00000028     F2837xD_PieCtrl.obj (.text)
                  0000d1bd    00000026     F2837xD_PieVect.obj (.text)
                  0000d1e3    00000025     rts2800_fpu32.lib : s_copysign.c.obj (.text)
                  0000d208    00000024                       : cpy_tbl.c.obj (.text)
                  0000d22c    00000021                       : fd_toi28.asm.obj (.text)
                  0000d24d    0000001f                       : fd_tol28.asm.obj (.text)
                  0000d26c    0000001e                       : ll_cmp28.asm.obj (.text)
                  0000d28a    0000001d                       : i_tofd28.asm.obj (.text)
                  0000d2a7    0000001d                       : memcpy.c.obj (.text)
                  0000d2c4    0000001c                       : fs_tofdfpu32.asm.obj (.text)
                  0000d2e0    0000001c                       : l_tofd28.asm.obj (.text)
                  0000d2fc    00000018                       : ll_aox28.asm.obj (.text)
                  0000d314    00000012                       : args_main.c.obj (.text)
                  0000d326    00000010                       : memccpy.c.obj (.text)
                  0000d336    0000000e                       : fd_sub28.asm.obj (.text)
                  0000d344    0000000c                       : strchr.c.obj (.text)
                  0000d350    0000000b                       : u_div28.asm.obj (.text)
                  0000d35b    00000009                       : _lock.c.obj (.text)
                  0000d364    00000009                       : fd_neg28.asm.obj (.text)
                  0000d36d    00000009                       : wcslen.c.obj (.text)
                  0000d376    00000008                       : strlen.c.obj (.text)
                  0000d37e    00000007                       : memset.c.obj (.text)
                  0000d385    00000005                       : strcpy.c.obj (.text)
                  0000d38a    00000002                       : pre_init.c.obj (.text)
                  0000d38c    00000001                       : startup.c.obj (.text)

MODULE SUMMARY

       Module                           code    initialized data   uninitialized data
       ------                           ----    ----------------   ------------------
    .\
       F28379dSerial.obj                1308    0                  12080             
       F2837xD_GlobalVariableDefs.obj   0       0                  8695              
       F2837xD_DefaultISR.obj           1413    0                  0                 
       F2837xD_SysCtrl.obj              1195    0                  0                 
       final_project_main.obj           1040    65                 14                
       F2837xD_Gpio.obj                 580     0                  0                 
       F2837xD_PieVect.obj              38      448                0                 
       F2837xD_Adc.obj                  240     0                  0                 
       F2837xD_CpuTimers.obj            124     0                  24                
       F2837xD_PieCtrl.obj              40      0                  0                 
       F2837xD_usDelay.obj              4       0                  0                 
       F2837xD_CodeStartBranch.obj      2       0                  0                 
    +--+--------------------------------+-------+------------------+--------------------+
       Total:                           5984    513                20813             
                                                                                     
    .\device\
       device.obj                       0       34                 6                 
    +--+--------------------------------+-------+------------------+--------------------+
       Total:                           0       34                 6                 
                                                                                     
    C:\tdl2\tdl2\C2000Ware_3_02_00_00_F28379D\driverlib\f2837xd\driverlib\ccs\Debug\driverlib_coff.lib
       sysctl.obj                       4       96                 0                 
    +--+--------------------------------+-------+------------------+--------------------+
       Total:                           4       96                 0                 
                                                                                     
    C:\ti\ccs1011\ccs\tools\compiler\ti-cgt-c2000_20.2.1.LTS\lib\rts2800_fpu32.lib
       _printfi.c.obj                   3300    66                 0                 
       ll_div28.asm.obj                 263     0                  0                 
       ctype.c.obj                      0       257                0                 
       s_scalbn.c.obj                   174     28                 0                 
       fd_add28.asm.obj                 156     0                  0                 
       fd_div28.asm.obj                 139     0                  0                 
       fs_div28.asm.obj                 136     0                  0                 
       fd_mpy28.asm.obj                 131     0                  0                 
       s_frexp.c.obj                    90      8                  0                 
       boot28.asm.obj                   86      0                  0                 
       exit.c.obj                       41      14                 6                 
       atoi.c.obj                       49      0                  0                 
       _ltoa.c.obj                      48      0                  0                 
       vsprintf.c.obj                   48      0                  0                 
       fd_cmp28.asm.obj                 42      0                  0                 
       l_div28.asm.obj                  42      0                  0                 
       s_copysign.c.obj                 37      0                  0                 
       cpy_tbl.c.obj                    36      0                  0                 
       fd_toi28.asm.obj                 33      0                  0                 
       fd_tol28.asm.obj                 31      0                  0                 
       ll_cmp28.asm.obj                 30      0                  0                 
       i_tofd28.asm.obj                 29      0                  0                 
       memcpy.c.obj                     29      0                  0                 
       fs_tofdfpu32.asm.obj             28      0                  0                 
       l_tofd28.asm.obj                 28      0                  0                 
       ll_aox28.asm.obj                 24      0                  0                 
       _lock.c.obj                      9       10                 4                 
       args_main.c.obj                  18      0                  0                 
       memccpy.c.obj                    16      0                  0                 
       fd_sub28.asm.obj                 14      0                  0                 
       strchr.c.obj                     12      0                  0                 
       u_div28.asm.obj                  11      0                  0                 
       fd_neg28.asm.obj                 9       0                  0                 
       wcslen.c.obj                     9       0                  0                 
       strlen.c.obj                     8       0                  0                 
       memset.c.obj                     7       0                  0                 
       errno.c.obj                      0       4                  1                 
       strcpy.c.obj                     5       0                  0                 
       pre_init.c.obj                   2       0                  0                 
       startup.c.obj                    1       0                  0                 
    +--+--------------------------------+-------+------------------+--------------------+
       Total:                           5171    387                11                
                                                                                     
       Stack:                           0       0                  2048              
    +--+--------------------------------+-------+------------------+--------------------+
       Grand Total:                     11159   1030               22878             


GLOBAL DATA SYMBOLS: SORTED BY DATA PAGE

address     data page           name
--------    ----------------    ----
00000b00      2c (00000b00)     _AdcaResultRegs
00000b20      2c (00000b00)     _AdcbResultRegs

00000b40      2d (00000b40)     _AdccResultRegs
00000b60      2d (00000b40)     _AdcdResultRegs

00000c00      30 (00000c00)     _CpuTimer0Regs
00000c08      30 (00000c00)     _CpuTimer1Regs
00000c10      30 (00000c00)     _CpuTimer2Regs

00000ce0      33 (00000cc0)     _Cla1SoftIntRegs
00000ce0      33 (00000cc0)     _PieCtrlRegs

00000d00      34 (00000d00)     _EmuBMode
00000d00      34 (00000d00)     _PieVectTable
00000d01      34 (00000d00)     _EmuBootPins

00001000      40 (00001000)     _DmaRegs

00001400      50 (00001400)     _Cla1Regs

00004000     100 (00004000)     _EPwm1Regs

00004100     104 (00004100)     _EPwm2Regs

00004200     108 (00004200)     _EPwm3Regs

00004300     10c (00004300)     _EPwm4Regs

00004400     110 (00004400)     _EPwm5Regs

00004500     114 (00004500)     _EPwm6Regs

00004600     118 (00004600)     _EPwm7Regs

00004700     11c (00004700)     _EPwm8Regs

00004800     120 (00004800)     _EPwm9Regs

00004900     124 (00004900)     _EPwm10Regs

00004a00     128 (00004a00)     _EPwm11Regs

00004b00     12c (00004b00)     _EPwm12Regs

00005000     140 (00005000)     _ECap1Regs
00005020     140 (00005000)     _ECap2Regs

00005040     141 (00005040)     _ECap3Regs
00005060     141 (00005040)     _ECap4Regs

00005080     142 (00005080)     _ECap5Regs
000050a0     142 (00005080)     _ECap6Regs

00005100     144 (00005100)     _EQep1Regs

00005140     145 (00005140)     _EQep2Regs

00005180     146 (00005180)     _EQep3Regs

00005c00     170 (00005c00)     _DacaRegs
00005c10     170 (00005c00)     _DacbRegs
00005c20     170 (00005c00)     _DaccRegs

00005c80     172 (00005c80)     _Cmpss1Regs
00005ca0     172 (00005c80)     _Cmpss2Regs

00005cc0     173 (00005cc0)     _Cmpss3Regs
00005ce0     173 (00005cc0)     _Cmpss4Regs

00005d00     174 (00005d00)     _Cmpss5Regs
00005d20     174 (00005d00)     _Cmpss6Regs

00005d40     175 (00005d40)     _Cmpss7Regs
00005d60     175 (00005d40)     _Cmpss8Regs

00005e00     178 (00005e00)     _Sdfm1Regs

00005e80     17a (00005e80)     _Sdfm2Regs

00006000     180 (00006000)     _McbspaRegs

00006040     181 (00006040)     _McbspbRegs

00006100     184 (00006100)     _SpiaRegs
00006110     184 (00006100)     _SpibRegs
00006120     184 (00006100)     _SpicRegs

00006200     188 (00006200)     _UppRegs

00007000     1c0 (00007000)     _WdRegs

00007060     1c1 (00007040)     _NmiIntruptRegs
00007070     1c1 (00007040)     _XintRegs

00007200     1c8 (00007200)     _SciaRegs
00007210     1c8 (00007200)     _ScibRegs
00007220     1c8 (00007200)     _ScicRegs
00007230     1c8 (00007200)     _ScidRegs

00007300     1cc (00007300)     _I2caRegs

00007340     1cd (00007340)     _I2cbRegs

00007400     1d0 (00007400)     _AdcaRegs

00007480     1d2 (00007480)     _AdcbRegs

00007500     1d4 (00007500)     _AdccRegs

00007580     1d6 (00007580)     _AdcdRegs

00007900     1e4 (00007900)     _InputXbarRegs
00007920     1e4 (00007900)     _XbarRegs

00007940     1e5 (00007940)     _SyncSocRegs

00007980     1e6 (00007980)     _DmaClaSrcSelRegs

00007a00     1e8 (00007a00)     _EPwmXbarRegs

00007a80     1ea (00007a80)     _OutputXbarRegs

00007c00     1f0 (00007c00)     _GpioCtrlRegs

00007f00     1fc (00007f00)     _GpioDataRegs

0000a800     2a0 (0000a800)     _PieVectTableInit

0000a9c0     2a7 (0000a9c0)     __ctypes_

0000b800     2e0 (0000b800)     __stack

00017000     5c0 (00017000)     _SerialA

00017fc0     5ff (00017fc0)     _SerialC

00018f80     63e (00018f80)     _SerialD

00019f30     67c (00019f00)     _UARTAPrint
00019f31     67c (00019f00)     _UARTDPrint
00019f32     67c (00019f00)     _adca0result
00019f33     67c (00019f00)     _adcaisrcount
00019f34     67c (00019f00)     _clapflag
00019f36     67c (00019f00)     _numTimer0calls
00019f38     67c (00019f00)     _numSWIcalls
00019f3a     67c (00019f00)     _numRXA
00019f3c     67c (00019f00)     _numRXD
00019f3e     67c (00019f00)     __lock

00019f40     67d (00019f40)     _CpuTimer0
00019f48     67d (00019f40)     _CpuTimer1
00019f50     67d (00019f40)     _CpuTimer2
00019f58     67d (00019f40)     _Example_Result
00019f5a     67d (00019f40)     _Example_PassCount
00019f5c     67d (00019f40)     _Example_Fail
00019f5e     67d (00019f40)     ___TI_enable_exit_profile_output
00019f60     67d (00019f40)     ___TI_cleanup_ptr
00019f62     67d (00019f40)     ___TI_dtors_ptr
00019f64     67d (00019f40)     __unlock
00019f66     67d (00019f40)     _errno

00047000    11c0 (00047000)     _Emif1Regs

00047800    11e0 (00047800)     _Emif2Regs

00048000    1200 (00048000)     _CanaRegs

0004a000    1280 (0004a000)     _CanbRegs

00050000    1400 (00050000)     _IpcRegs
00050024    1400 (00050000)     _FlashPumpSemaphoreRegs

0005d000    1740 (0005d000)     _DevCfgRegs

0005d180    1746 (0005d180)     _AnalogSubsysRegs

0005d200    1748 (0005d200)     _ClkCfgRegs

0005d300    174c (0005d300)     _CpuSysRegs

0005e608    1798 (0005e600)     _RomPrefetchRegs

0005f000    17c0 (0005f000)     _DcsmZ1Regs

0005f040    17c1 (0005f040)     _DcsmZ2Regs
0005f070    17c1 (0005f040)     _DcsmCommonRegs

0005f400    17d0 (0005f400)     _MemCfgRegs

0005f480    17d2 (0005f480)     _Emif1ConfigRegs
0005f4a0    17d2 (0005f480)     _Emif2ConfigRegs

0005f4c0    17d3 (0005f4c0)     _AccessProtectionRegs

0005f500    17d4 (0005f500)     _MemoryErrorRegs

0005f540    17d5 (0005f540)     _RomWaitStateRegs

0005f800    17e0 (0005f800)     _Flash0CtrlRegs

0005fb00    17ec (0005fb00)     _Flash0EccRegs


GLOBAL SYMBOLS: SORTED ALPHABETICALLY BY Name 

page  address   name                                  
----  -------   ----                                  
abs   ffffffff  .text                                 
0     0000a7d7  C$$EXIT                               
0     0000a529  FD$$ADD                               
0     0000d141  FD$$CMP                               
0     0000a5c5  FD$$DIV                               
0     0000a6d8  FD$$MPY                               
0     0000d364  FD$$NEG                               
0     0000d336  FD$$SUB                               
0     0000d22c  FD$$TOI                               
0     0000d24d  FD$$TOL                               
0     0000a650  FS$$DIV                               
0     0000d2c4  FS$$TOFD                              
0     0000d28a  I$$TOFD                               
0     0000d16b  L$$DIV                                
0     0000d17a  L$$MOD                                
0     0000d2e0  L$$TOFD                               
0     0000d2fc  LL$$AND                               
0     0000d26c  LL$$CMP                               
0     0000a1a3  LL$$DIV                               
0     0000a1df  LL$$MOD                               
0     0000d304  LL$$OR                                
0     0000d30c  LL$$XOR                               
0     0000d350  U$$DIV                                
0     0000d355  U$$MOD                                
0     0000d188  UL$$DIV                               
0     0000d18f  UL$$MOD                               
0     0000d27e  ULL$$CMP                              
0     0000a219  ULL$$DIV                              
0     0000a248  ULL$$MOD                              
0     00008da2  _ADCA1_ISR                            
0     00009022  _ADCA2_ISR                            
0     0000902c  _ADCA3_ISR                            
0     00009036  _ADCA4_ISR                            
0     00009018  _ADCA_EVT_ISR                         
0     0000a43a  _ADCA_isr                             
0     00008dac  _ADCB1_ISR                            
0     0000904a  _ADCB2_ISR                            
0     00009054  _ADCB3_ISR                            
0     0000905e  _ADCB4_ISR                            
0     00009040  _ADCB_EVT_ISR                         
0     00008db6  _ADCC1_ISR                            
0     000091b2  _ADCC2_ISR                            
0     000091bc  _ADCC3_ISR                            
0     000091c6  _ADCC4_ISR                            
0     000091a8  _ADCC_EVT_ISR                         
0     00008dd4  _ADCD1_ISR                            
0     000091da  _ADCD2_ISR                            
0     000091e4  _ADCD3_ISR                            
0     000091ee  _ADCD4_ISR                            
0     000091d0  _ADCD_EVT_ISR                         
0     0000922a  _AUX_PLL_SLIP_ISR                     
1     0005f4c0  _AccessProtectionRegs                 
0     0000a2aa  _AdcSetMode                           
1     00007400  _AdcaRegs                             
1     00000b00  _AdcaResultRegs                       
1     00007480  _AdcbRegs                             
1     00000b20  _AdcbResultRegs                       
1     00007500  _AdccRegs                             
1     00000b40  _AdccResultRegs                       
1     00007580  _AdcdRegs                             
1     00000b60  _AdcdResultRegs                       
1     0005d180  _AnalogSubsysRegs                     
0     000096a3  _AuxAuxClkSel                         
0     0000968d  _AuxIntOsc2Sel                        
0     00009697  _AuxXtalOscSel                        
0     00008ff0  _CANA0_ISR                            
0     00008ffa  _CANA1_ISR                            
0     00009004  _CANB0_ISR                            
0     0000900e  _CANB1_ISR                            
0     00009068  _CLA1_1_ISR                           
0     00009072  _CLA1_2_ISR                           
0     0000907c  _CLA1_3_ISR                           
0     00009086  _CLA1_4_ISR                           
0     00009090  _CLA1_5_ISR                           
0     0000909a  _CLA1_6_ISR                           
0     000090a4  _CLA1_7_ISR                           
0     000090ae  _CLA1_8_ISR                           
0     00009234  _CLA_OVERFLOW_ISR                     
0     0000923e  _CLA_UNDERFLOW_ISR                    
0     0000a360  _CalAdcINL                            
1     00048000  _CanaRegs                             
1     0004a000  _CanbRegs                             
1     00001400  _Cla1Regs                             
0     00000ce0  _Cla1SoftIntRegs                      
1     0005d200  _ClkCfgRegs                           
1     00005c80  _Cmpss1Regs                           
1     00005ca0  _Cmpss2Regs                           
1     00005cc0  _Cmpss3Regs                           
1     00005ce0  _Cmpss4Regs                           
1     00005d00  _Cmpss5Regs                           
1     00005d20  _Cmpss6Regs                           
1     00005d40  _Cmpss7Regs                           
1     00005d60  _Cmpss8Regs                           
0     0000a79c  _ConfigCpuTimer                       
0     000096f7  _ConfigureTMXAnalogTrim               
1     0005d300  _CpuSysRegs                           
1     00019f40  _CpuTimer0                            
1     00000c00  _CpuTimer0Regs                        
1     00019f48  _CpuTimer1                            
1     00000c08  _CpuTimer1Regs                        
1     00019f50  _CpuTimer2                            
1     00000c10  _CpuTimer2Regs                        
0     00009638  _CsmUnlock                            
0     00008cf8  _DATALOG_ISR                          
0     00008f3c  _DMA_CH1_ISR                          
0     00008f46  _DMA_CH2_ISR                          
0     00008f50  _DMA_CH3_ISR                          
0     00008f5a  _DMA_CH4_ISR                          
0     00008f64  _DMA_CH5_ISR                          
0     00008f6e  _DMA_CH6_ISR                          
1     00005c00  _DacaRegs                             
1     00005c10  _DacbRegs                             
1     00005c20  _DaccRegs                             
1     0005f070  _DcsmCommonRegs                       
1     0005f000  _DcsmZ1Regs                           
1     0005f040  _DcsmZ2Regs                           
1     0005d000  _DevCfgRegs                           
0     0000934c  _DisableDog                           
0     0000930d  _DisablePeripheralClocks              
1     00007980  _DmaClaSrcSelRegs                     
1     00001000  _DmaRegs                              
0     00008e92  _ECAP1_ISR                            
0     00008e9c  _ECAP2_ISR                            
0     00008ea6  _ECAP3_ISR                            
0     00008eb0  _ECAP4_ISR                            
0     00008eba  _ECAP5_ISR                            
0     00008ec4  _ECAP6_ISR                            
1     00005000  _ECap1Regs                            
1     00005020  _ECap2Regs                            
1     00005040  _ECap3Regs                            
1     00005060  _ECap4Regs                            
1     00005080  _ECap5Regs                            
1     000050a0  _ECap6Regs                            
0     000091f8  _EMIF_ERROR_ISR                       
0     00009252  _EMPTY_ISR                            
0     00008d0c  _EMU_ISR                              
0     0000914e  _EPWM10_ISR                           
0     00009126  _EPWM10_TZ_ISR                        
0     00009158  _EPWM11_ISR                           
0     00009130  _EPWM11_TZ_ISR                        
0     00009162  _EPWM12_ISR                           
0     0000913a  _EPWM12_TZ_ISR                        
0     00008e42  _EPWM1_ISR                            
0     00008df2  _EPWM1_TZ_ISR                         
0     00008e4c  _EPWM2_ISR                            
0     00008dfc  _EPWM2_TZ_ISR                         
0     00008e56  _EPWM3_ISR                            
0     00008e06  _EPWM3_TZ_ISR                         
0     00008e60  _EPWM4_ISR                            
0     00008e10  _EPWM4_TZ_ISR                         
0     00008e6a  _EPWM5_ISR                            
0     00008e1a  _EPWM5_TZ_ISR                         
0     00008e74  _EPWM6_ISR                            
0     00008e24  _EPWM6_TZ_ISR                         
0     00008e7e  _EPWM7_ISR                            
0     00008e2e  _EPWM7_TZ_ISR                         
0     00008e88  _EPWM8_ISR                            
0     00008e38  _EPWM8_TZ_ISR                         
0     00009144  _EPWM9_ISR                            
0     0000911c  _EPWM9_TZ_ISR                         
1     00004900  _EPwm10Regs                           
1     00004a00  _EPwm11Regs                           
1     00004b00  _EPwm12Regs                           
1     00004000  _EPwm1Regs                            
1     00004100  _EPwm2Regs                            
1     00004200  _EPwm3Regs                            
1     00004300  _EPwm4Regs                            
1     00004400  _EPwm5Regs                            
1     00004500  _EPwm6Regs                            
1     00004600  _EPwm7Regs                            
1     00004700  _EPwm8Regs                            
1     00004800  _EPwm9Regs                            
1     00007a00  _EPwmXbarRegs                         
0     00008ece  _EQEP1_ISR                            
0     00008ed8  _EQEP2_ISR                            
0     00008ee2  _EQEP3_ISR                            
1     00005100  _EQep1Regs                            
1     00005140  _EQep2Regs                            
1     00005180  _EQep3Regs                            
1     0005f480  _Emif1ConfigRegs                      
1     00047000  _Emif1Regs                            
1     0005f4a0  _Emif2ConfigRegs                      
1     00047800  _Emif2Regs                            
1     00000d00  _EmuBMode                             
1     00000d01  _EmuBootPins                          
0     0000d1b4  _EnableInterrupts                     
1     00019f5c  _Example_Fail                         
1     00019f5a  _Example_PassCount                    
1     00019f58  _Example_Result                       
0     00000123  _F28x_usDelay                         
0     0000920c  _FLASH_CORRECTABLE_ERROR_ISR          
0     000090e0  _FPU_OVERFLOW_ISR                     
0     000090ea  _FPU_UNDERFLOW_ISR                    
1     0005f800  _Flash0CtrlRegs                       
1     0005fb00  _Flash0EccRegs                        
1     00050024  _FlashPumpSemaphoreRegs               
0     00009f78  _GPIO_EnableUnbondedIOPullups         
0     00009f53  _GPIO_EnableUnbondedIOPullupsFor100Pin
0     00009f3a  _GPIO_EnableUnbondedIOPullupsFor176Pin
0     00009f8e  _GPIO_ReadPin                         
0     00009edf  _GPIO_SetupLock                       
0     00009dbf  _GPIO_SetupPinMux                     
0     00009e4b  _GPIO_SetupPinOptions                 
0     00009f08  _GPIO_SetupXINT1Gpio                  
0     00009f12  _GPIO_SetupXINT2Gpio                  
0     00009f1c  _GPIO_SetupXINT3Gpio                  
0     00009f26  _GPIO_SetupXINT4Gpio                  
0     00009f30  _GPIO_SetupXINT5Gpio                  
0     00009fa5  _GPIO_WritePin                        
1     00007c00  _GpioCtrlRegs                         
1     00007f00  _GpioDataRegs                         
0     000096c1  _HALT                                 
0     000096da  _HIB                                  
0     00008f82  _I2CA_FIFO_ISR                        
0     00008f78  _I2CA_ISR                             
0     00008f96  _I2CB_FIFO_ISR                        
0     00008f8c  _I2CB_ISR                             
1     00007300  _I2caRegs                             
1     00007340  _I2cbRegs                             
0     000096ad  _IDLE                                 
0     00008d20  _ILLEGAL_ISR                          
0     000090f4  _IPC0_ISR                             
0     000090fe  _IPC1_ISR                             
0     00009108  _IPC2_ISR                             
0     00009112  _IPC3_ISR                             
0     00009549  _InitAuxPll                           
0     0000a75b  _InitCpuTimers                        
0     00009d7f  _InitGpio                             
0     00009289  _InitPeripheralClocks                 
0     0000d195  _InitPieCtrl                          
0     0000d1bd  _InitPieVectTable                     
0     00009269  _InitSysCtrl                          
0     0000935a  _InitSysPll                           
1     00007900  _InputXbarRegs                        
1     00050000  _IpcRegs                              
0     00008f14  _MCBSPA_RX_ISR                        
0     00008f1e  _MCBSPA_TX_ISR                        
0     00008f28  _MCBSPB_RX_ISR                        
0     00008f32  _MCBSPB_TX_ISR                        
1     00006000  _McbspaRegs                           
1     00006040  _McbspbRegs                           
1     0005f400  _MemCfgRegs                           
1     0005f500  _MemoryErrorRegs                      
0     00008d16  _NMI_ISR                              
0     0000925f  _NOTUSED_ISR                          
1     00007060  _NmiIntruptRegs                       
1     00007a80  _OutputXbarRegs                       
0     00009248  _PIE_RESERVED_ISR                     
1     00000ce0  _PieCtrlRegs                          
1     00000d00  _PieVectTable                         
1     0000a800  _PieVectTableInit                     
0     00009216  _RAM_ACCESS_VIOLATION_ISR             
0     00009202  _RAM_CORRECTABLE_ERROR_ISR            
0     00008d02  _RTOS_ISR                             
0     0000a0fe  _RXAINT_recv_ready                    
0     0000a135  _RXCINT_recv_ready                    
0     0000a16c  _RXDINT_recv_ready                    
0     00009334  _ReleaseFlashPump                     
1     0005e608  _RomPrefetchRegs                      
1     0005f540  _RomWaitStateRegs                     
0     00008fc8  _SCIA_RX_ISR                          
0     00008fd2  _SCIA_TX_ISR                          
0     00008fdc  _SCIB_RX_ISR                          
0     00008fe6  _SCIB_TX_ISR                          
0     00008fa0  _SCIC_RX_ISR                          
0     00008faa  _SCIC_TX_ISR                          
0     00008fb4  _SCID_RX_ISR                          
0     00008fbe  _SCID_TX_ISR                          
0     0000916c  _SD1_ISR                              
0     00009176  _SD2_ISR                              
0     00008eec  _SPIA_RX_ISR                          
0     00008ef6  _SPIA_TX_ISR                          
0     00008f00  _SPIB_RX_ISR                          
0     00008f0a  _SPIB_TX_ISR                          
0     00009180  _SPIC_RX_ISR                          
0     0000918a  _SPIC_TX_ISR                          
0     000096b6  _STANDBY                              
0     0000a39a  _SWI_isr                              
0     00009220  _SYS_PLL_SLIP_ISR                     
1     00007200  _SciaRegs                             
1     00007210  _ScibRegs                             
1     00007220  _ScicRegs                             
1     00007230  _ScidRegs                             
1     00005e00  _Sdfm1Regs                            
1     00005e80  _Sdfm2Regs                            
0     00009325  _SeizeFlashPump                       
1     00017000  _SerialA                              
1     00017fc0  _SerialC                              
1     00018f80  _SerialD                              
0     0000933e  _ServiceDog                           
1     00006100  _SpiaRegs                             
1     00006110  _SpibRegs                             
1     00006120  _SpicRegs                             
1     00007940  _SyncSocRegs                          
0     00000127  _SysCtl_delay                         
0     00009659  _SysIntOsc1Sel                        
0     00009669  _SysIntOsc2Sel                        
0     0000967d  _SysXtalOscSel                        
0     00008dde  _TIMER0_ISR                           
0     00008ce4  _TIMER1_ISR                           
0     00008cee  _TIMER2_ISR                           
0     00009fc3  _TXAINT_data_sent                     
0     0000a02c  _TXCINT_data_sent                     
0     0000a095  _TXDINT_data_sent                     
1     00019f30  _UARTAPrint                           
1     00019f31  _UARTDPrint                           
0     00009a43  _UART_printfLine                      
0     000099ed  _UART_vprintfLine                     
0     00009194  _UPPA_ISR                             
0     0000919e  _USBA_ISR                             
0     00008d84  _USER10_ISR                           
0     00008d8e  _USER11_ISR                           
0     00008d98  _USER12_ISR                           
0     00008d2a  _USER1_ISR                            
0     00008d34  _USER2_ISR                            
0     00008d3e  _USER3_ISR                            
0     00008d48  _USER4_ISR                            
0     00008d52  _USER5_ISR                            
0     00008d5c  _USER6_ISR                            
0     00008d66  _USER7_ISR                            
0     00008d70  _USER8_ISR                            
0     00008d7a  _USER9_ISR                            
1     00006200  _UppRegs                              
0     000090d6  _VCU_ISR                              
0     00008de8  _WAKE_ISR                             
1     00007000  _WdRegs                               
0     00008dc0  _XINT1_ISR                            
0     00008dca  _XINT2_ISR                            
0     000090b8  _XINT3_ISR                            
0     000090c2  _XINT4_ISR                            
0     000090cc  _XINT5_ISR                            
1     00007920  _XbarRegs                             
1     00007070  _XintRegs                             
1     0000c000  __STACK_END                           
abs   00000800  __STACK_SIZE                          
1     00019f60  ___TI_cleanup_ptr                     
1     00019f62  ___TI_dtors_ptr                       
1     00019f5e  ___TI_enable_exit_profile_output      
0     0000d0e1  ___TI_ltoa                            
abs   ffffffff  ___TI_pprof_out_hndl                  
0     00008b53  ___TI_printfi                         
abs   ffffffff  ___TI_prof_data_size                  
abs   ffffffff  ___TI_prof_data_start                 
abs   ffffffff  ___binit__                            
abs   ffffffff  ___c_args__                           
0     0000b000  ___cinit__                            
abs   ffffffff  ___etext__                            
abs   ffffffff  ___pinit__                            
abs   ffffffff  ___text__                             
0     0000d314  __args_main                           
1     0000a9c0  __ctypes_                             
1     00019f3e  __lock                                
0     0000d363  __nop                                 
0     0000d35f  __register_lock                       
0     0000d35b  __register_unlock                     
1     0000b800  __stack                               
0     0000d38c  __system_post_cinit                   
0     0000d38a  __system_pre_init                     
1     00019f64  __unlock                              
0     0000a7d7  _abort                                
1     00019f32  _adca0result                          
1     00019f33  _adcaisrcount                         
0     0000d0b0  _atoi                                 
0     0000d05a  _c_int00                              
1     00019f34  _clapflag                             
0     0000d208  _copy_in                              
0     0000d1e3  _copysignl                            
0     0000a3b4  _cpu_timer0_isr                       
0     0000a416  _cpu_timer1_isr                       
0     0000a428  _cpu_timer2_isr                       
1     00019f66  _errno                                
0     0000a7d9  _exit                                 
0     0000d000  _frexpl                               
0     000097f9  _init_serial                          
0     0000a47b  _ldexpl                               
0     00009a50  _main                                 
0     0000d326  _memccpy                              
0     0000d2a7  _memcpy                               
0     0000d37e  _memset                               
1     00019f3a  _numRXA                               
1     00019f3c  _numRXD                               
1     00019f38  _numSWIcalls                          
1     00019f36  _numTimer0calls                       
0     0000a47b  _scalbnl                              
0     00009d6b  _serialRXA                            
0     00009d75  _serialRXD                            
0     000099c9  _serial_printf                        
0     00009992  _serial_send                          
0     0000d344  _strchr                               
0     0000d385  _strcpy                               
0     0000d376  _strlen                               
0     0000994f  _uninit_serial                        
0     0000d111  _vsprintf                             
0     0000d36d  _wcslen                               
abs   ffffffff  binit                                 
0     0000b000  cinit                                 
0     00000000  code_start                            
abs   ffffffff  etext                                 
abs   ffffffff  pinit                                 


GLOBAL SYMBOLS: SORTED BY Symbol Address 

page  address   name                                  
----  -------   ----                                  
0     00000000  code_start                            
0     00000123  _F28x_usDelay                         
0     00000127  _SysCtl_delay                         
0     00000ce0  _Cla1SoftIntRegs                      
0     00008b53  ___TI_printfi                         
0     00008ce4  _TIMER1_ISR                           
0     00008cee  _TIMER2_ISR                           
0     00008cf8  _DATALOG_ISR                          
0     00008d02  _RTOS_ISR                             
0     00008d0c  _EMU_ISR                              
0     00008d16  _NMI_ISR                              
0     00008d20  _ILLEGAL_ISR                          
0     00008d2a  _USER1_ISR                            
0     00008d34  _USER2_ISR                            
0     00008d3e  _USER3_ISR                            
0     00008d48  _USER4_ISR                            
0     00008d52  _USER5_ISR                            
0     00008d5c  _USER6_ISR                            
0     00008d66  _USER7_ISR                            
0     00008d70  _USER8_ISR                            
0     00008d7a  _USER9_ISR                            
0     00008d84  _USER10_ISR                           
0     00008d8e  _USER11_ISR                           
0     00008d98  _USER12_ISR                           
0     00008da2  _ADCA1_ISR                            
0     00008dac  _ADCB1_ISR                            
0     00008db6  _ADCC1_ISR                            
0     00008dc0  _XINT1_ISR                            
0     00008dca  _XINT2_ISR                            
0     00008dd4  _ADCD1_ISR                            
0     00008dde  _TIMER0_ISR                           
0     00008de8  _WAKE_ISR                             
0     00008df2  _EPWM1_TZ_ISR                         
0     00008dfc  _EPWM2_TZ_ISR                         
0     00008e06  _EPWM3_TZ_ISR                         
0     00008e10  _EPWM4_TZ_ISR                         
0     00008e1a  _EPWM5_TZ_ISR                         
0     00008e24  _EPWM6_TZ_ISR                         
0     00008e2e  _EPWM7_TZ_ISR                         
0     00008e38  _EPWM8_TZ_ISR                         
0     00008e42  _EPWM1_ISR                            
0     00008e4c  _EPWM2_ISR                            
0     00008e56  _EPWM3_ISR                            
0     00008e60  _EPWM4_ISR                            
0     00008e6a  _EPWM5_ISR                            
0     00008e74  _EPWM6_ISR                            
0     00008e7e  _EPWM7_ISR                            
0     00008e88  _EPWM8_ISR                            
0     00008e92  _ECAP1_ISR                            
0     00008e9c  _ECAP2_ISR                            
0     00008ea6  _ECAP3_ISR                            
0     00008eb0  _ECAP4_ISR                            
0     00008eba  _ECAP5_ISR                            
0     00008ec4  _ECAP6_ISR                            
0     00008ece  _EQEP1_ISR                            
0     00008ed8  _EQEP2_ISR                            
0     00008ee2  _EQEP3_ISR                            
0     00008eec  _SPIA_RX_ISR                          
0     00008ef6  _SPIA_TX_ISR                          
0     00008f00  _SPIB_RX_ISR                          
0     00008f0a  _SPIB_TX_ISR                          
0     00008f14  _MCBSPA_RX_ISR                        
0     00008f1e  _MCBSPA_TX_ISR                        
0     00008f28  _MCBSPB_RX_ISR                        
0     00008f32  _MCBSPB_TX_ISR                        
0     00008f3c  _DMA_CH1_ISR                          
0     00008f46  _DMA_CH2_ISR                          
0     00008f50  _DMA_CH3_ISR                          
0     00008f5a  _DMA_CH4_ISR                          
0     00008f64  _DMA_CH5_ISR                          
0     00008f6e  _DMA_CH6_ISR                          
0     00008f78  _I2CA_ISR                             
0     00008f82  _I2CA_FIFO_ISR                        
0     00008f8c  _I2CB_ISR                             
0     00008f96  _I2CB_FIFO_ISR                        
0     00008fa0  _SCIC_RX_ISR                          
0     00008faa  _SCIC_TX_ISR                          
0     00008fb4  _SCID_RX_ISR                          
0     00008fbe  _SCID_TX_ISR                          
0     00008fc8  _SCIA_RX_ISR                          
0     00008fd2  _SCIA_TX_ISR                          
0     00008fdc  _SCIB_RX_ISR                          
0     00008fe6  _SCIB_TX_ISR                          
0     00008ff0  _CANA0_ISR                            
0     00008ffa  _CANA1_ISR                            
0     00009004  _CANB0_ISR                            
0     0000900e  _CANB1_ISR                            
0     00009018  _ADCA_EVT_ISR                         
0     00009022  _ADCA2_ISR                            
0     0000902c  _ADCA3_ISR                            
0     00009036  _ADCA4_ISR                            
0     00009040  _ADCB_EVT_ISR                         
0     0000904a  _ADCB2_ISR                            
0     00009054  _ADCB3_ISR                            
0     0000905e  _ADCB4_ISR                            
0     00009068  _CLA1_1_ISR                           
0     00009072  _CLA1_2_ISR                           
0     0000907c  _CLA1_3_ISR                           
0     00009086  _CLA1_4_ISR                           
0     00009090  _CLA1_5_ISR                           
0     0000909a  _CLA1_6_ISR                           
0     000090a4  _CLA1_7_ISR                           
0     000090ae  _CLA1_8_ISR                           
0     000090b8  _XINT3_ISR                            
0     000090c2  _XINT4_ISR                            
0     000090cc  _XINT5_ISR                            
0     000090d6  _VCU_ISR                              
0     000090e0  _FPU_OVERFLOW_ISR                     
0     000090ea  _FPU_UNDERFLOW_ISR                    
0     000090f4  _IPC0_ISR                             
0     000090fe  _IPC1_ISR                             
0     00009108  _IPC2_ISR                             
0     00009112  _IPC3_ISR                             
0     0000911c  _EPWM9_TZ_ISR                         
0     00009126  _EPWM10_TZ_ISR                        
0     00009130  _EPWM11_TZ_ISR                        
0     0000913a  _EPWM12_TZ_ISR                        
0     00009144  _EPWM9_ISR                            
0     0000914e  _EPWM10_ISR                           
0     00009158  _EPWM11_ISR                           
0     00009162  _EPWM12_ISR                           
0     0000916c  _SD1_ISR                              
0     00009176  _SD2_ISR                              
0     00009180  _SPIC_RX_ISR                          
0     0000918a  _SPIC_TX_ISR                          
0     00009194  _UPPA_ISR                             
0     0000919e  _USBA_ISR                             
0     000091a8  _ADCC_EVT_ISR                         
0     000091b2  _ADCC2_ISR                            
0     000091bc  _ADCC3_ISR                            
0     000091c6  _ADCC4_ISR                            
0     000091d0  _ADCD_EVT_ISR                         
0     000091da  _ADCD2_ISR                            
0     000091e4  _ADCD3_ISR                            
0     000091ee  _ADCD4_ISR                            
0     000091f8  _EMIF_ERROR_ISR                       
0     00009202  _RAM_CORRECTABLE_ERROR_ISR            
0     0000920c  _FLASH_CORRECTABLE_ERROR_ISR          
0     00009216  _RAM_ACCESS_VIOLATION_ISR             
0     00009220  _SYS_PLL_SLIP_ISR                     
0     0000922a  _AUX_PLL_SLIP_ISR                     
0     00009234  _CLA_OVERFLOW_ISR                     
0     0000923e  _CLA_UNDERFLOW_ISR                    
0     00009248  _PIE_RESERVED_ISR                     
0     00009252  _EMPTY_ISR                            
0     0000925f  _NOTUSED_ISR                          
0     00009269  _InitSysCtrl                          
0     00009289  _InitPeripheralClocks                 
0     0000930d  _DisablePeripheralClocks              
0     00009325  _SeizeFlashPump                       
0     00009334  _ReleaseFlashPump                     
0     0000933e  _ServiceDog                           
0     0000934c  _DisableDog                           
0     0000935a  _InitSysPll                           
0     00009549  _InitAuxPll                           
0     00009638  _CsmUnlock                            
0     00009659  _SysIntOsc1Sel                        
0     00009669  _SysIntOsc2Sel                        
0     0000967d  _SysXtalOscSel                        
0     0000968d  _AuxIntOsc2Sel                        
0     00009697  _AuxXtalOscSel                        
0     000096a3  _AuxAuxClkSel                         
0     000096ad  _IDLE                                 
0     000096b6  _STANDBY                              
0     000096c1  _HALT                                 
0     000096da  _HIB                                  
0     000096f7  _ConfigureTMXAnalogTrim               
0     000097f9  _init_serial                          
0     0000994f  _uninit_serial                        
0     00009992  _serial_send                          
0     000099c9  _serial_printf                        
0     000099ed  _UART_vprintfLine                     
0     00009a43  _UART_printfLine                      
0     00009a50  _main                                 
0     00009d6b  _serialRXA                            
0     00009d75  _serialRXD                            
0     00009d7f  _InitGpio                             
0     00009dbf  _GPIO_SetupPinMux                     
0     00009e4b  _GPIO_SetupPinOptions                 
0     00009edf  _GPIO_SetupLock                       
0     00009f08  _GPIO_SetupXINT1Gpio                  
0     00009f12  _GPIO_SetupXINT2Gpio                  
0     00009f1c  _GPIO_SetupXINT3Gpio                  
0     00009f26  _GPIO_SetupXINT4Gpio                  
0     00009f30  _GPIO_SetupXINT5Gpio                  
0     00009f3a  _GPIO_EnableUnbondedIOPullupsFor176Pin
0     00009f53  _GPIO_EnableUnbondedIOPullupsFor100Pin
0     00009f78  _GPIO_EnableUnbondedIOPullups         
0     00009f8e  _GPIO_ReadPin                         
0     00009fa5  _GPIO_WritePin                        
0     00009fc3  _TXAINT_data_sent                     
0     0000a02c  _TXCINT_data_sent                     
0     0000a095  _TXDINT_data_sent                     
0     0000a0fe  _RXAINT_recv_ready                    
0     0000a135  _RXCINT_recv_ready                    
0     0000a16c  _RXDINT_recv_ready                    
0     0000a1a3  LL$$DIV                               
0     0000a1df  LL$$MOD                               
0     0000a219  ULL$$DIV                              
0     0000a248  ULL$$MOD                              
0     0000a2aa  _AdcSetMode                           
0     0000a360  _CalAdcINL                            
0     0000a39a  _SWI_isr                              
0     0000a3b4  _cpu_timer0_isr                       
0     0000a416  _cpu_timer1_isr                       
0     0000a428  _cpu_timer2_isr                       
0     0000a43a  _ADCA_isr                             
0     0000a47b  _ldexpl                               
0     0000a47b  _scalbnl                              
0     0000a529  FD$$ADD                               
0     0000a5c5  FD$$DIV                               
0     0000a650  FS$$DIV                               
0     0000a6d8  FD$$MPY                               
0     0000a75b  _InitCpuTimers                        
0     0000a79c  _ConfigCpuTimer                       
0     0000a7d7  C$$EXIT                               
0     0000a7d7  _abort                                
0     0000a7d9  _exit                                 
0     0000b000  ___cinit__                            
0     0000b000  cinit                                 
0     0000d000  _frexpl                               
0     0000d05a  _c_int00                              
0     0000d0b0  _atoi                                 
0     0000d0e1  ___TI_ltoa                            
0     0000d111  _vsprintf                             
0     0000d141  FD$$CMP                               
0     0000d16b  L$$DIV                                
0     0000d17a  L$$MOD                                
0     0000d188  UL$$DIV                               
0     0000d18f  UL$$MOD                               
0     0000d195  _InitPieCtrl                          
0     0000d1b4  _EnableInterrupts                     
0     0000d1bd  _InitPieVectTable                     
0     0000d1e3  _copysignl                            
0     0000d208  _copy_in                              
0     0000d22c  FD$$TOI                               
0     0000d24d  FD$$TOL                               
0     0000d26c  LL$$CMP                               
0     0000d27e  ULL$$CMP                              
0     0000d28a  I$$TOFD                               
0     0000d2a7  _memcpy                               
0     0000d2c4  FS$$TOFD                              
0     0000d2e0  L$$TOFD                               
0     0000d2fc  LL$$AND                               
0     0000d304  LL$$OR                                
0     0000d30c  LL$$XOR                               
0     0000d314  __args_main                           
0     0000d326  _memccpy                              
0     0000d336  FD$$SUB                               
0     0000d344  _strchr                               
0     0000d350  U$$DIV                                
0     0000d355  U$$MOD                                
0     0000d35b  __register_unlock                     
0     0000d35f  __register_lock                       
0     0000d363  __nop                                 
0     0000d364  FD$$NEG                               
0     0000d36d  _wcslen                               
0     0000d376  _strlen                               
0     0000d37e  _memset                               
0     0000d385  _strcpy                               
0     0000d38a  __system_pre_init                     
0     0000d38c  __system_post_cinit                   
1     00000b00  _AdcaResultRegs                       
1     00000b20  _AdcbResultRegs                       
1     00000b40  _AdccResultRegs                       
1     00000b60  _AdcdResultRegs                       
1     00000c00  _CpuTimer0Regs                        
1     00000c08  _CpuTimer1Regs                        
1     00000c10  _CpuTimer2Regs                        
1     00000ce0  _PieCtrlRegs                          
1     00000d00  _EmuBMode                             
1     00000d00  _PieVectTable                         
1     00000d01  _EmuBootPins                          
1     00001000  _DmaRegs                              
1     00001400  _Cla1Regs                             
1     00004000  _EPwm1Regs                            
1     00004100  _EPwm2Regs                            
1     00004200  _EPwm3Regs                            
1     00004300  _EPwm4Regs                            
1     00004400  _EPwm5Regs                            
1     00004500  _EPwm6Regs                            
1     00004600  _EPwm7Regs                            
1     00004700  _EPwm8Regs                            
1     00004800  _EPwm9Regs                            
1     00004900  _EPwm10Regs                           
1     00004a00  _EPwm11Regs                           
1     00004b00  _EPwm12Regs                           
1     00005000  _ECap1Regs                            
1     00005020  _ECap2Regs                            
1     00005040  _ECap3Regs                            
1     00005060  _ECap4Regs                            
1     00005080  _ECap5Regs                            
1     000050a0  _ECap6Regs                            
1     00005100  _EQep1Regs                            
1     00005140  _EQep2Regs                            
1     00005180  _EQep3Regs                            
1     00005c00  _DacaRegs                             
1     00005c10  _DacbRegs                             
1     00005c20  _DaccRegs                             
1     00005c80  _Cmpss1Regs                           
1     00005ca0  _Cmpss2Regs                           
1     00005cc0  _Cmpss3Regs                           
1     00005ce0  _Cmpss4Regs                           
1     00005d00  _Cmpss5Regs                           
1     00005d20  _Cmpss6Regs                           
1     00005d40  _Cmpss7Regs                           
1     00005d60  _Cmpss8Regs                           
1     00005e00  _Sdfm1Regs                            
1     00005e80  _Sdfm2Regs                            
1     00006000  _McbspaRegs                           
1     00006040  _McbspbRegs                           
1     00006100  _SpiaRegs                             
1     00006110  _SpibRegs                             
1     00006120  _SpicRegs                             
1     00006200  _UppRegs                              
1     00007000  _WdRegs                               
1     00007060  _NmiIntruptRegs                       
1     00007070  _XintRegs                             
1     00007200  _SciaRegs                             
1     00007210  _ScibRegs                             
1     00007220  _ScicRegs                             
1     00007230  _ScidRegs                             
1     00007300  _I2caRegs                             
1     00007340  _I2cbRegs                             
1     00007400  _AdcaRegs                             
1     00007480  _AdcbRegs                             
1     00007500  _AdccRegs                             
1     00007580  _AdcdRegs                             
1     00007900  _InputXbarRegs                        
1     00007920  _XbarRegs                             
1     00007940  _SyncSocRegs                          
1     00007980  _DmaClaSrcSelRegs                     
1     00007a00  _EPwmXbarRegs                         
1     00007a80  _OutputXbarRegs                       
1     00007c00  _GpioCtrlRegs                         
1     00007f00  _GpioDataRegs                         
1     0000a800  _PieVectTableInit                     
1     0000a9c0  __ctypes_                             
1     0000b800  __stack                               
1     0000c000  __STACK_END                           
1     00017000  _SerialA                              
1     00017fc0  _SerialC                              
1     00018f80  _SerialD                              
1     00019f30  _UARTAPrint                           
1     00019f31  _UARTDPrint                           
1     00019f32  _adca0result                          
1     00019f33  _adcaisrcount                         
1     00019f34  _clapflag                             
1     00019f36  _numTimer0calls                       
1     00019f38  _numSWIcalls                          
1     00019f3a  _numRXA                               
1     00019f3c  _numRXD                               
1     00019f3e  __lock                                
1     00019f40  _CpuTimer0                            
1     00019f48  _CpuTimer1                            
1     00019f50  _CpuTimer2                            
1     00019f58  _Example_Result                       
1     00019f5a  _Example_PassCount                    
1     00019f5c  _Example_Fail                         
1     00019f5e  ___TI_enable_exit_profile_output      
1     00019f60  ___TI_cleanup_ptr                     
1     00019f62  ___TI_dtors_ptr                       
1     00019f64  __unlock                              
1     00019f66  _errno                                
1     00047000  _Emif1Regs                            
1     00047800  _Emif2Regs                            
1     00048000  _CanaRegs                             
1     0004a000  _CanbRegs                             
1     00050000  _IpcRegs                              
1     00050024  _FlashPumpSemaphoreRegs               
1     0005d000  _DevCfgRegs                           
1     0005d180  _AnalogSubsysRegs                     
1     0005d200  _ClkCfgRegs                           
1     0005d300  _CpuSysRegs                           
1     0005e608  _RomPrefetchRegs                      
1     0005f000  _DcsmZ1Regs                           
1     0005f040  _DcsmZ2Regs                           
1     0005f070  _DcsmCommonRegs                       
1     0005f400  _MemCfgRegs                           
1     0005f480  _Emif1ConfigRegs                      
1     0005f4a0  _Emif2ConfigRegs                      
1     0005f4c0  _AccessProtectionRegs                 
1     0005f500  _MemoryErrorRegs                      
1     0005f540  _RomWaitStateRegs                     
1     0005f800  _Flash0CtrlRegs                       
1     0005fb00  _Flash0EccRegs                        
abs   00000800  __STACK_SIZE                          
abs   ffffffff  .text                                 
abs   ffffffff  ___TI_pprof_out_hndl                  
abs   ffffffff  ___TI_prof_data_size                  
abs   ffffffff  ___TI_prof_data_start                 
abs   ffffffff  ___binit__                            
abs   ffffffff  ___c_args__                           
abs   ffffffff  ___etext__                            
abs   ffffffff  ___pinit__                            
abs   ffffffff  ___text__                             
abs   ffffffff  binit                                 
abs   ffffffff  etext                                 
abs   ffffffff  pinit                                 

[399 symbols]
